mode: set
github.com/example-org/telemetry-platform/providers/aws/primitives/vpc/tests/helpers/helpers.go:17.82,29.2 8 0
github.com/example-org/telemetry-platform/providers/aws/primitives/vpc/tests/helpers/helpers.go:32.91,39.2 2 0
github.com/example-org/telemetry-platform/providers/aws/primitives/vpc/tests/helpers/helpers.go:42.109,49.2 4 0
github.com/example-org/telemetry-platform/providers/aws/primitives/vpc/tests/helpers/helpers.go:52.94,56.2 2 0
github.com/example-org/telemetry-platform/providers/aws/primitives/vpc/tests/helpers/helpers.go:59.94,61.20 2 0
github.com/example-org/telemetry-platform/providers/aws/primitives/vpc/tests/helpers/helpers.go:61.20,63.3 1 0
github.com/example-org/telemetry-platform/providers/aws/primitives/vpc/tests/helpers/helpers.go:63.8,65.3 1 0
github.com/example-org/telemetry-platform/providers/aws/primitives/vpc/tests/helpers/helpers.go:69.92,76.2 1 0
github.com/example-org/telemetry-platform/providers/aws/primitives/vpc/tests/helpers/helpers.go:79.82,80.22 1 0
github.com/example-org/telemetry-platform/providers/aws/primitives/vpc/tests/helpers/helpers.go:81.16,82.92 1 0
github.com/example-org/telemetry-platform/providers/aws/primitives/vpc/tests/helpers/helpers.go:83.17,84.130 1 0
github.com/example-org/telemetry-platform/providers/aws/primitives/vpc/tests/helpers/helpers.go:85.24,86.100 1 0
github.com/example-org/telemetry-platform/providers/aws/primitives/vpc/tests/helpers/helpers.go:87.27,88.102 1 0
github.com/example-org/telemetry-platform/providers/aws/primitives/vpc/tests/helpers/helpers.go:89.24,90.100 1 0
github.com/example-org/telemetry-platform/providers/aws/primitives/vpc/tests/helpers/helpers.go:91.10,92.69 1 0
github.com/example-org/telemetry-platform/providers/aws/primitives/vpc/tests/helpers/helpers.go:97.59,109.34 9 0
github.com/example-org/telemetry-platform/providers/aws/primitives/vpc/tests/helpers/helpers.go:109.34,110.69 1 0
github.com/example-org/telemetry-platform/providers/aws/primitives/vpc/tests/helpers/helpers.go:110.69,112.4 1 0
github.com/example-org/telemetry-platform/providers/aws/primitives/vpc/tests/helpers/helpers.go:117.59,119.2 1 0
github.com/example-org/telemetry-platform/providers/aws/primitives/vpc/tests/helpers/helpers.go:122.93,123.20 1 0
github.com/example-org/telemetry-platform/providers/aws/primitives/vpc/tests/helpers/helpers.go:123.20,124.36 1 0
github.com/example-org/telemetry-platform/providers/aws/primitives/vpc/tests/helpers/helpers.go:126.2,130.15 3 0
github.com/example-org/telemetry-platform/providers/aws/primitives/vpc/tests/helpers/helpers.go:134.99,136.16 2 0
github.com/example-org/telemetry-platform/providers/aws/primitives/vpc/tests/helpers/helpers.go:136.16,138.3 1 0
github.com/example-org/telemetry-platform/providers/aws/primitives/vpc/tests/helpers/helpers.go:140.2,141.24 2 0
github.com/example-org/telemetry-platform/providers/aws/primitives/vpc/tests/helpers/helpers.go:141.24,143.3 1 0
github.com/example-org/telemetry-platform/providers/aws/primitives/vpc/tests/helpers/helpers.go:147.122,149.16 2 0
github.com/example-org/telemetry-platform/providers/aws/primitives/vpc/tests/helpers/helpers.go:149.16,151.3 1 0
github.com/example-org/telemetry-platform/providers/aws/primitives/vpc/tests/helpers/helpers.go:153.2,154.34 2 0
github.com/example-org/telemetry-platform/providers/aws/primitives/vpc/tests/helpers/helpers.go:154.34,156.3 1 0
github.com/example-org/telemetry-platform/providers/aws/primitives/vpc/tests/helpers/helpers.go:160.95,162.47 2 0
github.com/example-org/telemetry-platform/providers/aws/primitives/vpc/tests/helpers/helpers.go:162.47,164.28 2 0
github.com/example-org/telemetry-platform/providers/aws/primitives/vpc/tests/helpers/helpers.go:164.28,166.4 1 0
github.com/example-org/telemetry-platform/providers/aws/primitives/vpc/tests/helpers/helpers.go:167.3,167.119 1 0
github.com/example-org/telemetry-platform/providers/aws/primitives/vpc/tests/helpers/helpers.go:172.122,175.16 3 0
github.com/example-org/telemetry-platform/providers/aws/primitives/vpc/tests/helpers/helpers.go:175.16,177.3 1 0
github.com/example-org/telemetry-platform/providers/aws/primitives/vpc/tests/helpers/helpers.go:178.2,178.14 1 0
github.com/example-org/telemetry-platform/providers/aws/primitives/vpc/tests/helpers/helpers.go:178.14,180.3 1 0
github.com/example-org/telemetry-platform/providers/aws/primitives/vpc/tests/helpers/helpers.go:184.122,187.35 3 0
github.com/example-org/telemetry-platform/providers/aws/primitives/vpc/tests/helpers/helpers.go:188.12,189.8 1 0
github.com/example-org/telemetry-platform/providers/aws/primitives/vpc/tests/helpers/helpers.go:189.8,191.4 1 0
github.com/example-org/telemetry-platform/providers/aws/primitives/vpc/tests/helpers/helpers.go:191.9,193.4 1 0
github.com/example-org/telemetry-platform/providers/aws/primitives/vpc/tests/helpers/helpers.go:194.10,195.49 1 0
github.com/example-org/telemetry-platform/providers/aws/primitives/vpc/tests/helpers/helpers.go:197.2,197.32 1 0
github.com/example-org/telemetry-platform/providers/aws/primitives/vpc/tests/helpers/helpers.go:197.32,199.3 1 0
github.com/example-org/telemetry-platform/providers/aws/primitives/vpc/tests/helpers/helpers.go:203.97,205.23 2 0
github.com/example-org/telemetry-platform/providers/aws/primitives/vpc/tests/helpers/helpers.go:205.23,207.3 1 0
github.com/example-org/telemetry-platform/providers/aws/primitives/vpc/tests/helpers/helpers.go:211.94,213.23 2 0
github.com/example-org/telemetry-platform/providers/aws/primitives/vpc/tests/helpers/helpers.go:213.23,215.3 1 0
github.com/example-org/telemetry-platform/providers/aws/primitives/vpc/tests/helpers/helpers.go:219.98,221.16 2 0
github.com/example-org/telemetry-platform/providers/aws/primitives/vpc/tests/helpers/helpers.go:221.16,223.3 1 0
github.com/example-org/telemetry-platform/providers/aws/primitives/vpc/tests/helpers/helpers.go:225.2,225.50 1 0
github.com/example-org/telemetry-platform/providers/aws/primitives/vpc/tests/helpers/helpers.go:225.50,227.3 1 0
github.com/example-org/telemetry-platform/providers/aws/primitives/vpc/tests/helpers/helpers.go:231.47,233.2 1 0
github.com/example-org/telemetry-platform/providers/aws/primitives/vpc/tests/helpers/helpers.go:236.83,243.2 1 0
github.com/example-org/telemetry-platform/providers/aws/primitives/vpc/tests/helpers/helpers.go:246.34,251.2 3 0
github.com/example-org/telemetry-platform/providers/aws/primitives/vpc/tests/helpers/helpers.go:254.55,256.16 2 0
github.com/example-org/telemetry-platform/providers/aws/primitives/vpc/tests/helpers/helpers.go:256.16,258.3 1 0
github.com/example-org/telemetry-platform/providers/aws/primitives/vpc/tests/helpers/helpers.go:259.2,260.29 2 0
github.com/example-org/telemetry-platform/providers/aws/primitives/vpc/tests/helpers/helpers.go:260.29,261.49 1 0
github.com/example-org/telemetry-platform/providers/aws/primitives/vpc/tests/helpers/helpers.go:261.49,264.48 3 0
github.com/example-org/telemetry-platform/providers/aws/primitives/vpc/tests/helpers/helpers.go:264.48,266.5 1 0
github.com/example-org/telemetry-platform/providers/aws/primitives/vpc/tests/helpers/helpers.go:267.4,268.24 2 0
github.com/example-org/telemetry-platform/providers/aws/primitives/vpc/tests/helpers/helpers.go:268.24,270.5 1 0
github.com/example-org/telemetry-platform/providers/aws/primitives/vpc/tests/helpers/helpers.go:272.4,275.24 4 0
github.com/example-org/telemetry-platform/providers/aws/primitives/vpc/tests/helpers/helpers.go:275.24,277.5 1 0
github.com/example-org/telemetry-platform/providers/aws/primitives/vpc/tests/helpers/helpers.go:278.4,278.21 1 0
github.com/example-org/telemetry-platform/providers/aws/primitives/vpc/tests/helpers/helpers.go:281.2,282.11 2 0
